// Jest Snapshot v1, https://goo.gl/fbAQLP

exports[`Detail should render without error 1`] = `
<div
  className="detail__inner-wrapper"
>
  <header>
    <h1
      className="detail__title"
    >
      dragonite
    </h1>
    <p>
      Pokedex #
    </p>
  </header>
  <ul
    className="detail__attributes-list"
  >
    <li
      className="detail__attributes-item"
    >
      Weight: 
      <strong />
    </li>
    <li
      className="detail__attributes-item"
    >
      Height: 
      <strong />
    </li>
  </ul>
  <p
    className="detail__back-button"
  >
    <a
      onClick={[Function]}
      style={Object {}}
    >
      <i
        className="icon-back"
      />
      Back to Search
    </a>
  </p>
</div>
`;
