// Jest Snapshot v1, https://goo.gl/fbAQLP

exports[`Search should render without error 1`] = `
<form
  className="search-form"
>
  <input
    className="search-form__field"
    id="q"
    placeholder="Enter a Pokemon name, e.g. Bulbasaur"
    type="text"
  />
  <button
    className="search-form__button"
    id="btn-search"
    onClick=""
  >
    Search!
  </button>
</form>
`;
