// Jest Snapshot v1, https://goo.gl/fbAQLP

exports[`Search should render without error 1`] = `
<form
  className="search__form"
>
  <input
    className="search__form-field"
    id="q"
    placeholder="Enter a Pokemon name, e.g. Bulbasaur"
    type="text"
  />
  <button
    className="search__form-button"
    id="b"
    onClick=""
  >
    Search!
  </button>
</form>
`;
